#-----------------------------------------------------------
# Vivado v2025.1 (64-bit)
# SW Build 6140274 on Wed May 21 22:58:25 MDT 2025
# IP Build 6138677 on Thu May 22 03:10:11 MDT 2025
# SharedData Build 6139179 on Tue May 20 17:58:58 MDT 2025
# Start of session at: Fri Aug 22 13:07:39 2025
# Process ID         : 43518
# Current directory  : /mnt/hdd/Programs/Xilinx/projects/1_basics/1_basics.runs/synth_1
# Command line       : vivado -log gates.vds -product Vivado -mode batch -messageDb vivado.pb -notrace -source gates.tcl
# Log file           : /mnt/hdd/Programs/Xilinx/projects/1_basics/1_basics.runs/synth_1/gates.vds
# Journal file       : /mnt/hdd/Programs/Xilinx/projects/1_basics/1_basics.runs/synth_1/vivado.jou
# Running On         : mint
# Platform           : Linuxmint
# Operating System   : Linux Mint 22.1
# Processor Detail   : AMD Ryzen 5 3600 6-Core Processor
# CPU Frequency      : 2792.659 MHz
# CPU Physical cores : 6
# CPU Logical cores  : 12
# Host memory        : 33567 MB
# Swap memory        : 2147 MB
# Total Virtual      : 35715 MB
# Available Virtual  : 24925 MB
#-----------------------------------------------------------
source gates.tcl -notrace
